// Jest Snapshot v1, https://goo.gl/fbAQLP

exports[`ExperiencePageComponent should match snapshot 1`] = `
<babdev-experience-page
  bgPath={[Function String]}
  dictionary={[Function Object]}
  req={[Function RequestServiceMock]}
  store={[Function MockStore]}
  translateService={[Function TranslateServiceMock]}
>
  
</babdev-experience-page>
`;
