// Jest Snapshot v1, https://goo.gl/fbAQLP

exports[`PageWithBgComponent should match snapshot 1`] = `
<babdev-page-with-bg
  bgData={[Function Object]}
>
  <div
    class="page-with-bg"
  >
    
    <babdev-bg
      class="page-with-bg__bg"
    >
      <h1
        class="title-container__title"
      >
          
      </h1>
    </babdev-bg>
    <div
      class="content"
    />
  </div>
</babdev-page-with-bg>
`;
