// Jest Snapshot v1, https://goo.gl/fbAQLP

exports[`AppComponent should match the snapshot 1`] = `
<babdev-root
  sidebar={[Function ElementRef]}
  title={[Function String]}
>
  <babdev-sidebar>
    
     sidebar content here 
    <div
      class="page"
      pagecontent=""
    >
      <header>
         header 
      </header>
      <main
        class="page__content"
      >
         main content here 
        <router-outlet />
      </main>
      <footer>
         footer 
      </footer>
    </div>
  </babdev-sidebar>
</babdev-root>
`;
