// Jest Snapshot v1, https://goo.gl/fbAQLP

exports[`HeaderComponent should match snapshot 1`] = `
<babdev-header
  isHome={[Function Boolean]}
  pageData={[Function Object]}
>
  <header
    class="header ng-trigger ng-trigger-headerBgAnimation"
    style=""
  >
    
    <babdev-page-list
      class="header__list"
    />
  </header>
</babdev-header>
`;
