// Jest Snapshot v1, https://goo.gl/fbAQLP

exports[`SidebarComponent should match snapshot 1`] = `
<babdev-sidebar
  currentStatus={[Function EventEmitter]}
  initialPosition={[Function String]}
  mode={[Function String]}
  moving="false"
  openedAtInit="false"
  position={[Function String]}
  sidebarStatus={[Function Object]}
  sidenav={[Function ElementRef]}
  state$={[Function Observable]}
  stateSubject={[Function BehaviorSubject]}
  status={[Function String]}
  touchTolerance={[Function Number]}
  withOverlay="false"
  withTouch={[Function Boolean]}
>
  <mat-sidenav-container>
    <mat-sidenav />
    <mat-sidenav-content />
  </mat-sidenav-container>
</babdev-sidebar>
`;
